// Jest Snapshot v1, https://goo.gl/fbAQLP

exports[`Test QasSettingsMenu component Mount component 1`] = `
<qas-btn-stub
  align="center"
  class="settings-menu"
  color="primary"
  hidemobilelabel="true"
  icon="o_settings"
  label="Configurações"
  nocaps="true"
  outline="true"
  ripple="true"
  unelevated="true"
>
  <q-menu-stub
    class="settings-menu__menu"
    persistent="true"
    target="true"
    transitionhide="fade"
    transitionshow="fade"
  >
    <q-list-stub
      class="settings-menu__list"
      separator="true"
    >
      <q-item-stub
        class="text-primary text-bold"
        clickable="true"
        tag="div"
      >
        <q-item-section-stub>
          <div
            class="flex justify-center items-center q-gutter-x-md"
          >
            <q-icon-stub
              name="o_lock"
              tag="i"
            />
             
            <div>
              Block
            </div>
          </div>
        </q-item-section-stub>
      </q-item-stub>
      <q-item-stub
        class="text-primary text-bold"
        clickable="true"
        tag="div"
      >
        <q-item-section-stub>
          <div
            class="flex justify-center items-center q-gutter-x-md"
          >
            <q-icon-stub
              name="o_delete"
              tag="i"
            />
             
            <div>
              Delete
            </div>
          </div>
        </q-item-section-stub>
      </q-item-stub>
    </q-list-stub>
  </q-menu-stub>
</qas-btn-stub>
`;

exports[`Test QasSettingsMenu component Test handle function 1`] = `
<button
  class="q-btn q-btn-item non-selectable no-outline settings-menu q-btn--outline q-btn--rectangle text-primary q-btn--actionable q-focusable q-hoverable q-btn--no-uppercase q-btn--wrap"
  role="button"
  tabindex="0"
  type="button"
>
  <span
    class="q-focus-helper"
  />
  <span
    class="q-btn__wrapper col row q-anchor--skip"
  >
    <span
      class="q-btn__content text-center col items-center q-anchor--skip justify-center row"
    >
      <i
        aria-hidden="true"
        class="material-icons-outlined q-icon notranslate on-left"
        role="img"
      >
        settings
      </i>
      <span
        class="block"
      >
        Configurações
      </span>
      <!---->
    </span>
  </span>
  <span
    class="q-ripple"
    dir="ltr"
  >
    <span
      class="q-ripple__inner"
      style="height: 0px; width: 0px; transform: translate3d(0px,0px,0) scale3d(.2,.2,1); opacity: 0;"
    />
  </span>
</button>
`;
